
> temp-app@0.1.0 build
> next build

Ôû▓ Next.js 16.1.6 (Turbopack)
- Environments: .env

  Creating an optimized production build ...
Ô£ô Compiled successfully in 5.9s
  Running TypeScript ...
node.exe : Failed to compile.
En C:\Program Files\nodejs\npm.ps1: 29 
Carácter: 3
+   & $NODE_EXE $NPM_CLI_JS $args
+   ~~~~~~~~~~~~~~~~~~~~~~~~~~~~~
    + CategoryInfo          : NotSpecified: 
    (Failed to compile.:String) [], Remote  
  Exception
    + FullyQualifiedErrorId : NativeCommand 
   Error
 

./src/lib/prisma.ts:5:5
Type error: Object literal may only specify 
known properties, and 'datasourceUrl' does 
not exist in type 
'Subset<PrismaClientOptions, 
PrismaClientOptions>'.

[0m [90m 3 |[39m [36mconst[39m 
prismaClientSingleton [33m=[39m () 
[33m=>[39m {
 [90m 4 |[39m   [36mreturn[39m 
[36mnew[39m [33mPrismaClient[39m({
[31m[1m>[22m[39m[90m 5 |[39m     
datasourceUrl[33m:[39m process[33m.[39me
nv[33m.[39m[33mDATABASE_URL[39m[33m,[3
9m
 [90m   |[39m     [31m[1m^[22m[39m
 [90m 6 |[39m   })
 [90m 7 |[39m }
 [90m 8 |[39m[0m
Next.js build worker exited with code: 1 
and signal: null
