
> temp-app@0.1.0 build
> next build

Ôû▓ Next.js 16.1.6 (Turbopack)
- Environments: .env

  Creating an optimized production build ...
Ô£ô Compiled successfully in 10.1s
  Running TypeScript ...
node.exe : Failed to compile.
En C:\Program Files\nodejs\npm.ps1: 29 
Carácter: 3
+   & $NODE_EXE $NPM_CLI_JS $args
+   ~~~~~~~~~~~~~~~~~~~~~~~~~~~~~
    + CategoryInfo          : NotSpecified: 
    (Failed to compile.:String) [], Remote  
  Exception
    + FullyQualifiedErrorId : NativeCommand 
   Error
 

.next/types/validator.ts:207:31
Type error: Type 'typeof import("C:/Users/is
rae/OneDrive/Desktop/Proyecto 
31/src/app/api/calendars/[id]/route")' does 
not satisfy the constraint 
'RouteHandlerConfig<"/api/calendars/[id]">'.
  Types of property 'PUT' are incompatible.
    Type '(request: Request, { params }: { 
params: { id: string; }; }) => 
Promise<NextResponse<{ subaccount: { name: 
string; id: string; createdAt: Date; 
updatedAt: Date; }; doctor: { name: string; 
id: string; createdAt: Date; updatedAt: 
Date; subaccountId: string; }; } & { ...; 
}> | NextResponse<...>>' is not assignable 
to type '(request: NextRequest, context: { 
params: Promise<{ id: string; }>; }) => 
void | Response | Promise<void | Response>'.
      Types of parameters '__1' and 
'context' are incompatible.
        Type '{ params: Promise<{ id: 
string; }>; }' is not assignable to type '{ 
params: { id: string; }; }'.
          Types of property 'params' are 
incompatible.
            Property 'id' is missing in 
type 'Promise<{ id: string; }>' but 
required in type '{ id: string; }'.

[0m [90m 205 |[39m   type 
__IsExpected[33m<[39m[33mSpecific[39m 
[36mextends[39m [33mRouteHandlerConfig[3
9m[33m<[39m[32m"/api/calendars/[id]"[39m
[33m>>[39m [33m=[39m [33mSpecific[39m
 [90m 206 |[39m   [36mconst[39m handler 
[33m=[39m {} [36mas[39m 
[36mtypeof[39m [36mimport[39m([32m"../.
./src/app/api/calendars/[id]/route.js"[39m)
[31m[1m>[22m[39m[90m 207 |[39m   type 
__Check [33m=[39m 
__IsExpected[33m<[39m[36mtypeof[39m 
handler[33m>[39m
 [90m     |[39m                           
    [31m[1m^[22m[39m
 [90m 208 |[39m   [90m// @ts-ignore[39m
 [90m 209 |[39m   type __Unused 
[33m=[39m __Check
 [90m 210 |[39m }[0m
Next.js build worker exited with code: 1 
and signal: null
